
Map of Debug\i2c_eeprom.sm8 from link file Debug\i2c_eeprom.lkf - Thu Jan 30 11:54:21 2025


                               --------
                               Segments
                               --------

start 00008080 end 0000836d length   749 segment .const
start 0000837b end 00009f30 length  7093 segment .text
start 00004000 end 00004000 length     0 segment .eeprom
start 00000000 end 00000006 length     6 segment .bsct, initialized
start 00008375 end 0000837b length     6 segment .bsct, from
start 00000006 end 00000010 length    10 segment .ubsct
start 00000010 end 00000010 length     0 segment .bit
start 00000010 end 00000010 length     0 segment .share
start 00000100 end 00000100 length     0 segment .data
start 00000100 end 00000100 length     0 segment .bss
start 00000000 end 000009b3 length  2483 segment .info.
start 00000000 end 000061fb length 25083 segment .debug
start 00008000 end 00008080 length   128 segment .const
start 0000836d end 00008375 length     8 segment .init


                               -------
                               Modules
                               -------

C:\Program Files (x86)\COSMIC\FSE_Compilers\CXSTM8\lib\crtsi0.sm8:
start 0000837b end 000083cb length    80 section .text
start 00000100 end 00000100 length     0 section .bss
start 00000006 end 00000006 length     0 section .ubsct
start 00000000 end 00000033 length    51 section .info.

Debug\delay.o:
start 000083cb end 00008483 length   184 section .text
start 00000000 end 00000004 length     4 section .bsct
start 00000000 end 000002a7 length   679 section .debug
start 00000033 end 0000009d length   106 section .info.

Debug\main.o:
start 00008483 end 0000895b length  1240 section .text
start 00000004 end 00000006 length     2 section .bsct
start 000002a7 end 00000d93 length  2796 section .debug
start 0000009d end 00000106 length   105 section .info.
start 00008080 end 000082f7 length   631 section .const

Debug\stm8s_clk.o:
start 0000895b end 00008cbb length   864 section .text
start 00000d93 end 00002402 length  5743 section .debug
start 00000106 end 00000174 length   110 section .info.
start 000082f7 end 00008303 length    12 section .const

Debug\stm8s_gpio.o:
start 00008cbb end 00008d6d length   178 section .text
start 00002402 end 00002e0c length  2570 section .debug
start 00000174 end 000001e3 length   111 section .info.

Debug\stm8s_i2c.o:
start 00008d6d end 000090ac length   831 section .text
start 00002e0c end 000043ad length  5537 section .debug
start 000001e3 end 00000251 length   110 section .info.
start 00008303 end 0000830b length     8 section .const

Debug\stm8s_tim4.o:
start 000090ac end 0000918a length   222 section .text
start 000043ad end 00004f64 length  2999 section .debug
start 00000251 end 000002c0 length   111 section .info.

Debug\stm8s_uart3.o:
start 0000918a end 00009561 length   983 section .text
start 00004f64 end 00006090 length  4396 section .debug
start 000002c0 end 00000330 length   112 section .info.
start 0000830b end 0000830f length     4 section .const

(C:\Program Files (x86)\COSMIC\FSE_Compilers\CXSTM8\lib\libis0.sm8)printf.o:
start 00009561 end 00009571 length    16 section .text
start 00000330 end 000003a1 length   113 section .info.

(C:\Program Files (x86)\COSMIC\FSE_Compilers\CXSTM8\lib\libis0.sm8)cprint.o:
start 00009571 end 00009acb length  1370 section .text
start 000003a1 end 00000412 length   113 section .info.
start 0000830f end 00008348 length    57 section .const

(C:\Program Files (x86)\COSMIC\FSE_Compilers\CXSTM8\lib\libis0.sm8)itob.o:
start 00009acb end 00009bdb length   272 section .text
start 00000412 end 00000481 length   111 section .info.
start 00008348 end 0000836d length    37 section .const

(C:\Program Files (x86)\COSMIC\FSE_Compilers\CXSTM8\lib\libis0.sm8)idiv0.o:
start 00009bdb end 00009be6 length    11 section .text
start 00000481 end 000004ad length    44 section .info.

(C:\Program Files (x86)\COSMIC\FSE_Compilers\CXSTM8\lib\libis0.sm8)ildiv0.o:
start 00009be6 end 00009c01 length    27 section .text
start 000004ad end 000004da length    45 section .info.

(C:\Program Files (x86)\COSMIC\FSE_Compilers\CXSTM8\lib\libis0.sm8)strlen0.o:
start 00009c01 end 00009c0d length    12 section .text
start 000004da end 00000508 length    46 section .info.

(C:\Program Files (x86)\COSMIC\FSE_Compilers\CXSTM8\lib\libis0.sm8)toup0.o:
start 00009c0d end 00009c18 length    11 section .text
start 00000508 end 00000534 length    44 section .info.

(C:\Program Files (x86)\COSMIC\FSE_Compilers\CXSTM8\lib\libm0.sm8)bmulx.o:
start 00009c18 end 00009c26 length    14 section .text
start 00000534 end 00000563 length    47 section .info.

(C:\Program Files (x86)\COSMIC\FSE_Compilers\CXSTM8\lib\libm0.sm8)ldiv.o:
start 00009c26 end 00009d11 length   235 section .text
start 00000563 end 00000591 length    46 section .info.

(C:\Program Files (x86)\COSMIC\FSE_Compilers\CXSTM8\lib\libm0.sm8)ladc.o:
start 00009d11 end 00009d22 length    17 section .text
start 00000591 end 000005bf length    46 section .info.

(C:\Program Files (x86)\COSMIC\FSE_Compilers\CXSTM8\lib\libm0.sm8)lcmp.o:
start 00009d22 end 00009d42 length    32 section .text
start 000005bf end 000005ed length    46 section .info.

(C:\Program Files (x86)\COSMIC\FSE_Compilers\CXSTM8\lib\libm0.sm8)lgadc.o:
start 00009d42 end 00009d52 length    16 section .text
start 000005ed end 0000061c length    47 section .info.

(C:\Program Files (x86)\COSMIC\FSE_Compilers\CXSTM8\lib\libm0.sm8)lgneg.o:
start 00009d52 end 00009d65 length    19 section .text
start 0000061c end 0000064b length    47 section .info.

(C:\Program Files (x86)\COSMIC\FSE_Compilers\CXSTM8\lib\libm0.sm8)llsh.o:
start 00009d65 end 00009d74 length    15 section .text
start 0000064b end 00000679 length    46 section .info.

(C:\Program Files (x86)\COSMIC\FSE_Compilers\CXSTM8\lib\libm0.sm8)lmul.o:
start 00009d74 end 00009dff length   139 section .text
start 00000679 end 000006a7 length    46 section .info.

(C:\Program Files (x86)\COSMIC\FSE_Compilers\CXSTM8\lib\libm0.sm8)lneg.o:
start 00009dff end 00009e14 length    21 section .text
start 000006a7 end 000006d5 length    46 section .info.

(C:\Program Files (x86)\COSMIC\FSE_Compilers\CXSTM8\lib\libm0.sm8)lreg.o:
start 00000006 end 0000000a length     4 section .ubsct
start 000006d5 end 00000703 length    46 section .info.

(C:\Program Files (x86)\COSMIC\FSE_Compilers\CXSTM8\lib\libm0.sm8)lsub.o:
start 00009e14 end 00009e2c length    24 section .text
start 00000703 end 00000731 length    46 section .info.

(C:\Program Files (x86)\COSMIC\FSE_Compilers\CXSTM8\lib\libm0.sm8)ltor.o:
start 00009e2c end 00009e3e length    18 section .text
start 00000731 end 0000075f length    46 section .info.

(C:\Program Files (x86)\COSMIC\FSE_Compilers\CXSTM8\lib\libm0.sm8)ludiv.o:
start 00009e3e end 00009e52 length    20 section .text
start 0000075f end 0000078e length    47 section .info.

(C:\Program Files (x86)\COSMIC\FSE_Compilers\CXSTM8\lib\libm0.sm8)lursh.o:
start 00009e52 end 00009e61 length    15 section .text
start 0000078e end 000007bd length    47 section .info.

(C:\Program Files (x86)\COSMIC\FSE_Compilers\CXSTM8\lib\libm0.sm8)lzmp.o:
start 00009e61 end 00009e74 length    19 section .text
start 000007bd end 000007eb length    46 section .info.

(C:\Program Files (x86)\COSMIC\FSE_Compilers\CXSTM8\lib\libm0.sm8)rtol.o:
start 00009e74 end 00009e86 length    18 section .text
start 000007eb end 00000819 length    46 section .info.

(C:\Program Files (x86)\COSMIC\FSE_Compilers\CXSTM8\lib\libm0.sm8)sdivx.o:
start 00009e86 end 00009eb1 length    43 section .text
start 00000819 end 00000848 length    47 section .info.

(C:\Program Files (x86)\COSMIC\FSE_Compilers\CXSTM8\lib\libm0.sm8)smul.o:
start 00009eb1 end 00009ef0 length    63 section .text
start 00000848 end 00000876 length    46 section .info.

(C:\Program Files (x86)\COSMIC\FSE_Compilers\CXSTM8\lib\libm0.sm8)xreg.o:
start 0000000a end 0000000d length     3 section .ubsct
start 00000876 end 000008a4 length    46 section .info.

(C:\Program Files (x86)\COSMIC\FSE_Compilers\CXSTM8\lib\libm0.sm8)xymov.o:
start 00009ef0 end 00009f2f length    63 section .text
start 000008a4 end 000008d3 length    47 section .info.

(C:\Program Files (x86)\COSMIC\FSE_Compilers\CXSTM8\lib\libm0.sm8)yreg.o:
start 0000000d end 00000010 length     3 section .ubsct
start 000008d3 end 00000901 length    46 section .info.

Debug\stm8_interrupt_vector.o:
start 00009f2f end 00009f30 length     1 section .text
start 00006090 end 000061fb length   363 section .debug
start 00000901 end 0000097b length   122 section .info.
start 00008000 end 00008080 length   128 section .const


                             -----------
                             Stack usage
                             -----------

Debug\delay.o:
_TIM4_Config                         6   (2)
_delay_ms                           17   (6)
_delay_us                           11   (9)
_micros                         >    8   (2)
_millis                         >    4   (2)
f_TIM4_IRQHandler               >   14   (12)

Debug\main.o:
_EEPROM_Init                    >   92   (6)
_EEPROM_LogData                 >   92   (6)
_EEPROM_ReadByte                    16   (6)
_EEPROM_ReadData                >   91   (5)
_EEPROM_ReadString                  19   (9)
_EEPROM_Test                        92   (6)
_EEPROM_WriteByte                   22   (5)
_EEPROM_WriteString                 28   (6)
_GPIO_setup                          8   (2)
_I2C_Configuration                  37   (2)
_UART3_setup                        51   (2)
_checkString                         8   (6)
_clock_setup                        12   (2)
_log_to_eeprom                  >   90   (4)
_main                           >  414   (322)
_process_eeprom_logs            >  140   (54)
_putchar                             8   (3)
_read_from_eeprom                   29   (13)

Debug\stm8_interrupt_vector.o:
f_NonHandledInterrupt           >    6   (6)

Debug\stm8s_clk.o:
_CLK_AdjustHSICalibrationValue  >    3   (3)
_CLK_CCOCmd                     >    2   (2)
_CLK_CCOConfig                  >    3   (3)
_CLK_ClearITPendingBit          >    2   (2)
_CLK_ClockSecuritySystemEnable  >    2   (2)
_CLK_ClockSwitchCmd                  2   (2)
_CLK_ClockSwitchConfig              10   (10)
_CLK_DeInit                          2   (2)
_CLK_FastHaltWakeUpCmd          >    2   (2)
_CLK_GetClockFreq                   25   (11)
_CLK_GetFlagStatus                   7   (7)
_CLK_GetITStatus                >    4   (4)
_CLK_GetSYSCLKSource            >    2   (2)
_CLK_HSECmd                          2   (2)
_CLK_HSICmd                          2   (2)
_CLK_HSIPrescalerConfig              3   (3)
_CLK_ITConfig                   >    4   (4)
_CLK_LSICmd                          2   (2)
_CLK_PeripheralClockConfig           4   (4)
_CLK_SWIMConfig                 >    2   (2)
_CLK_SYSCLKConfig                    3   (3)
_CLK_SYSCLKEmergencyClear       >    2   (2)
_CLK_SlowActiveHaltWakeUpCmd    >    2   (2)

Debug\stm8s_gpio.o:
_GPIO_DeInit                         2   (2)
_GPIO_ExternalPullUpConfig      >    6   (6)
_GPIO_Init                           6   (6)
_GPIO_ReadInputData             >    2   (2)
_GPIO_ReadInputPin              >    5   (5)
_GPIO_ReadOutputData            >    2   (2)
_GPIO_Write                     >    5   (5)
_GPIO_WriteHigh                 >    5   (5)
_GPIO_WriteLow                  >    5   (5)
_GPIO_WriteReverse              >    5   (5)

Debug\stm8s_i2c.o:
_I2C_AcknowledgeConfig               3   (3)
_I2C_CheckEvent                     10   (10)
_I2C_ClearFlag                  >    4   (4)
_I2C_ClearITPendingBit          >    4   (4)
_I2C_Cmd                             2   (2)
_I2C_DeInit                          2   (2)
_I2C_FastModeDutyCycleConfig    >    2   (2)
_I2C_GeneralCallCmd             >    2   (2)
_I2C_GenerateSTART                   2   (2)
_I2C_GenerateSTOP                    2   (2)
_I2C_GetFlagStatus              >    6   (6)
_I2C_GetITStatus                >    8   (8)
_I2C_GetLastEvent               >    8   (8)
_I2C_ITConfig                   >    4   (4)
_I2C_Init                           35   (21)
_I2C_ReceiveData                     2   (2)
_I2C_Send7bitAddress                 4   (4)
_I2C_SendData                        2   (2)
_I2C_SoftwareResetCmd           >    2   (2)
_I2C_StretchClockCmd            >    2   (2)

Debug\stm8s_tim4.o:
_TIM4_ARRPreloadConfig          >    2   (2)
_TIM4_ClearFlag                      2   (2)
_TIM4_ClearITPendingBit              2   (2)
_TIM4_Cmd                            2   (2)
_TIM4_DeInit                         2   (2)
_TIM4_GenerateEvent             >    2   (2)
_TIM4_GetCounter                     2   (2)
_TIM4_GetFlagStatus             >    3   (3)
_TIM4_GetITStatus               >    5   (5)
_TIM4_GetPrescaler              >    2   (2)
_TIM4_ITConfig                       4   (4)
_TIM4_PrescalerConfig           >    2   (2)
_TIM4_SelectOnePulseMode        >    2   (2)
_TIM4_SetAutoreload             >    2   (2)
_TIM4_SetCounter                >    2   (2)
_TIM4_TimeBaseInit                   2   (2)
_TIM4_UpdateDisableConfig       >    2   (2)
_TIM4_UpdateRequestConfig       >    2   (2)

Debug\stm8s_uart3.o:
_UART3_ClearFlag                >    4   (4)
_UART3_ClearITPendingBit        >    4   (4)
_UART3_Cmd                           2   (2)
_UART3_DeInit                        2   (2)
_UART3_GetFlagStatus                 5   (5)
_UART3_GetITStatus              >    6   (6)
_UART3_ITConfig                 >    7   (7)
_UART3_Init                         49   (24)
_UART3_LINBreakDetectionConfig  >    2   (2)
_UART3_LINCmd                   >    2   (2)
_UART3_LINConfig                >    5   (5)
_UART3_ReceiveData8             >    2   (2)
_UART3_ReceiveData9             >    4   (4)
_UART3_ReceiverWakeUpCmd        >    2   (2)
_UART3_SendBreak                >    2   (2)
_UART3_SendData8                     2   (2)
_UART3_SendData9                >    4   (4)
_UART3_SetAddress               >    3   (3)
_UART3_WakeUpConfig             >    2   (2)

C:\Program Files (x86:
L11__cvtup                           8   (6)
L31__putbuf                         17   (9)
L7__gnum                            20   (16)
__print                             74   (51)
__udiv                               4   (4)
__uldiv                              6   (6)
__itob                              19   (15)
__ltob                              23   (17)
_printf                             86   (12)
_strlen                              2   (2)
_toupper                             2   (2)

Stack size: 428


                              ---------
                              Call tree
                              ---------
   1 > _CLK_AdjustHSICalibrationValue: (3)

   2 > _CLK_CCOCmd: (2)

   3 > _CLK_CCOConfig: (3)

   4 > _CLK_ClearITPendingBit: (2)

   5 > _CLK_ClockSecuritySystemEnable: (2)

   6 > _CLK_FastHaltWakeUpCmd: (2)

   7 > _CLK_GetITStatus: (4)

   8 > _CLK_GetSYSCLKSource: (2)

   9 > _CLK_ITConfig: (4)

  10 > _CLK_SWIMConfig: (2)

  11 > _CLK_SYSCLKEmergencyClear: (2)

  12 > _CLK_SlowActiveHaltWakeUpCmd: (2)

  13 > _EEPROM_Init: (6)
  14      + _EEPROM_WriteByte: (5)
  15      |    + _I2C_CheckEvent: (10)
  16      |    + _I2C_GenerateSTART: (2)
  17      |    + _I2C_GenerateSTOP: (2)
  18      |    + _I2C_Send7bitAddress: (4)
  19      |    + _I2C_SendData: (2)
  20      |    + _delay_ms: (6)
  21      |    |    + _delay_us: (9)
  22      |    |    |    + _TIM4_GetCounter: (2)
          |    |    | 
          |    | 
          | 
  23      + _printf: (12)
  24      |    + __print: (51)
  25      |    |    + L11__cvtup: (6)
  26      |    |    |    + _toupper: (2)
          |    |    | 
  27      |    |    + L31__putbuf: (9)
  28      |    |    |    + _putchar: (3)
  29      |    |    |    |    + _UART3_GetFlagStatus: (5)
  30      |    |    |    |    + _UART3_SendData8: (2)
          |    |    |    | 
          |    |    | 
  31      |    |    + L7__gnum: (16)
  32      |    |    + __itob: (15)
  33      |    |    |    + __udiv: (4)
          |    |    | 
  34      |    |    + __ltob: (17)
  35      |    |    |    + __uldiv: (6)
          |    |    | 
  36      |    |    + _strlen: (2)
          |    | 
          | 
       
  37 > _EEPROM_LogData: (6)
  38      + _EEPROM_WriteString: (6)
  39      |    + _EEPROM_WriteByte --> 14
          | 
  40      + _printf --> 23
       
  41 > _EEPROM_ReadData: (5)
  42      + _EEPROM_ReadByte: (6)
  43      |    + _I2C_CheckEvent --> 15
  44      |    + _I2C_GenerateSTART --> 16
  45      |    + _I2C_GenerateSTOP --> 17
  46      |    + _I2C_ReceiveData: (2)
  47      |    + _I2C_Send7bitAddress --> 18
  48      |    + _I2C_SendData --> 19
          | 
  49      + _printf --> 23
       
  50 > _GPIO_ExternalPullUpConfig: (6)

  51 > _GPIO_ReadInputData: (2)

  52 > _GPIO_ReadInputPin: (5)

  53 > _GPIO_ReadOutputData: (2)

  54 > _GPIO_Write: (5)

  55 > _GPIO_WriteHigh: (5)

  56 > _GPIO_WriteLow: (5)

  57 > _GPIO_WriteReverse: (5)

  58 > _I2C_ClearFlag: (4)

  59 > _I2C_ClearITPendingBit: (4)

  60 > _I2C_FastModeDutyCycleConfig: (2)

  61 > _I2C_GeneralCallCmd: (2)

  62 > _I2C_GetFlagStatus: (6)

  63 > _I2C_GetITStatus: (8)

  64 > _I2C_GetLastEvent: (8)

  65 > _I2C_ITConfig: (4)

  66 > _I2C_SoftwareResetCmd: (2)

  67 > _I2C_StretchClockCmd: (2)

  68 > _TIM4_ARRPreloadConfig: (2)

  69 > _TIM4_GenerateEvent: (2)

  70 > _TIM4_GetFlagStatus: (3)

  71 > _TIM4_GetITStatus: (5)

  72 > _TIM4_GetPrescaler: (2)

  73 > _TIM4_PrescalerConfig: (2)

  74 > _TIM4_SelectOnePulseMode: (2)

  75 > _TIM4_SetAutoreload: (2)

  76 > _TIM4_SetCounter: (2)

  77 > _TIM4_UpdateDisableConfig: (2)

  78 > _TIM4_UpdateRequestConfig: (2)

  79 > _UART3_ClearFlag: (4)

  80 > _UART3_ClearITPendingBit: (4)

  81 > _UART3_GetITStatus: (6)

  82 > _UART3_ITConfig: (7)

  83 > _UART3_LINBreakDetectionConfig: (2)

  84 > _UART3_LINCmd: (2)

  85 > _UART3_LINConfig: (5)

  86 > _UART3_ReceiveData8: (2)

  87 > _UART3_ReceiveData9: (4)

  88 > _UART3_ReceiverWakeUpCmd: (2)

  89 > _UART3_SendBreak: (2)

  90 > _UART3_SendData9: (4)

  91 > _UART3_SetAddress: (3)

  92 > _UART3_WakeUpConfig: (2)

  93 > __stext: (0)

  94 > _log_to_eeprom: (4)
  95      + _EEPROM_WriteString --> 38
  96      + _printf --> 23
  97      + _strlen --> 36
       
  98 > _main: (322)
  99      + _EEPROM_Test: (6)
 100      |    + _EEPROM_ReadByte --> 42
 101      |    + _EEPROM_WriteByte --> 14
 102      |    + _I2C_Configuration: (2)
 103      |    |    + _I2C_Cmd: (2)
 104      |    |    + _I2C_DeInit: (2)
 105      |    |    + _I2C_Init: (21)
 106      |    |    |    + _I2C_AcknowledgeConfig: (3)
          |    |    | 
          |    | 
 107      |    + _printf --> 23
          | 
 108      + _GPIO_setup: (2)
 109      |    + _GPIO_DeInit: (2)
 110      |    + _GPIO_Init: (6)
          | 
 111      + _I2C_Configuration --> 102
 112      + _TIM4_Config: (2)
 113      |    + _CLK_PeripheralClockConfig: (4)
 114      |    + _TIM4_ClearFlag: (2)
 115      |    + _TIM4_Cmd: (2)
 116      |    + _TIM4_DeInit: (2)
 117      |    + _TIM4_ITConfig: (4)
 118      |    + _TIM4_TimeBaseInit: (2)
          | 
 119      + _UART3_setup: (2)
 120      |    + _UART3_Cmd: (2)
 121      |    + _UART3_DeInit: (2)
 122      |    + _UART3_Init: (24)
 123      |    |    + _CLK_GetClockFreq: (11)
          |    | 
          | 
 124      + _clock_setup: (2)
 125      |    + _CLK_ClockSwitchCmd: (2)
 126      |    + _CLK_ClockSwitchConfig: (10)
 127      |    + _CLK_DeInit: (2)
 128      |    + _CLK_GetFlagStatus: (7)
 129      |    + _CLK_HSECmd: (2)
 130      |    + _CLK_HSICmd: (2)
 131      |    + _CLK_HSIPrescalerConfig: (3)
 132      |    + _CLK_LSICmd: (2)
 133      |    + _CLK_PeripheralClockConfig --> 113
 134      |    + _CLK_SYSCLKConfig: (3)
          | 
 135      + _delay_ms --> 20
 136      + _printf --> 23
       
 137 > _micros: (2)
 138      + _TIM4_GetCounter --> 22
       
 139 > _millis: (2)

 140 > _process_eeprom_logs: (54)
 141      + _EEPROM_ReadString: (9)
 142      |    + _I2C_AcknowledgeConfig --> 106
 143      |    + _I2C_CheckEvent --> 15
 144      |    + _I2C_GenerateSTART --> 16
 145      |    + _I2C_GenerateSTOP --> 17
 146      |    + _I2C_ReceiveData --> 46
 147      |    + _I2C_Send7bitAddress --> 18
 148      |    + _I2C_SendData --> 19
          | 
 149      + _checkString: (6)
 150      |    + _strlen --> 36
          | 
 151      + _printf --> 23
 152      + _read_from_eeprom: (13)
 153      |    + _EEPROM_ReadByte --> 42
          | 
 154      + _strlen --> 36
       
 155 > f_NonHandledInterrupt: (6)

 156 > f_TIM4_IRQHandler: (12)
 157      + _TIM4_ClearITPendingBit: (2)
       
 158   L11__cvtup --> 25

 159   L31__putbuf --> 27

 160   L7__gnum --> 31

 161   _CLK_ClockSwitchCmd --> 125

 162   _CLK_ClockSwitchConfig --> 126

 163   _CLK_DeInit --> 127

 164   _CLK_GetClockFreq --> 123

 165   _CLK_GetFlagStatus --> 128

 166   _CLK_HSECmd --> 129

 167   _CLK_HSICmd --> 130

 168   _CLK_HSIPrescalerConfig --> 131

 169   _CLK_LSICmd --> 132

 170   _CLK_PeripheralClockConfig --> 113

 171   _CLK_SYSCLKConfig --> 134

 172   _EEPROM_ReadByte --> 42

 173   _EEPROM_ReadString --> 141

 174   _EEPROM_Test --> 99

 175   _EEPROM_WriteByte --> 14

 176   _EEPROM_WriteString --> 38

 177   _GPIO_DeInit --> 109

 178   _GPIO_Init --> 110

 179   _GPIO_setup --> 108

 180   _I2C_AcknowledgeConfig --> 106

 181   _I2C_CheckEvent --> 15

 182   _I2C_Cmd --> 103

 183   _I2C_Configuration --> 102

 184   _I2C_DeInit --> 104

 185   _I2C_GenerateSTART --> 16

 186   _I2C_GenerateSTOP --> 17

 187   _I2C_Init --> 105

 188   _I2C_ReceiveData --> 46

 189   _I2C_Send7bitAddress --> 18

 190   _I2C_SendData --> 19

 191   _TIM4_ClearFlag --> 114

 192   _TIM4_ClearITPendingBit --> 157

 193   _TIM4_Cmd --> 115

 194   _TIM4_Config --> 112

 195   _TIM4_DeInit --> 116

 196   _TIM4_GetCounter --> 22

 197   _TIM4_ITConfig --> 117

 198   _TIM4_TimeBaseInit --> 118

 199   _UART3_Cmd --> 120

 200   _UART3_DeInit --> 121

 201   _UART3_GetFlagStatus --> 29

 202   _UART3_Init --> 122

 203   _UART3_SendData8 --> 30

 204   _UART3_setup --> 119

 205   __itob --> 32

 206   __ltob --> 34

 207   __print --> 24

 208   __udiv --> 33

 209   __uldiv --> 35

 210   _checkString --> 149

 211   _clock_setup --> 124

 212   _delay_ms --> 20

 213   _delay_us --> 21

 214   _printf --> 23

 215   _putchar --> 28

 216   _read_from_eeprom --> 152

 217   _strlen --> 36

 218   _toupper --> 26



                               -------
                               Symbols
                               -------

_CLKPrescTable                   000082fb   defined in Debug\stm8s_clk.o section .const
_CLK_AdjustHSICalibrationValue   00008c11   defined in Debug\stm8s_clk.o section .text
_CLK_CCOCmd                      000089cb   defined in Debug\stm8s_clk.o section .text
_CLK_CCOConfig                   00008b0a   defined in Debug\stm8s_clk.o section .text
_CLK_ClearITPendingBit           00008cac   defined in Debug\stm8s_clk.o section .text
_CLK_ClockSecuritySystemEnable   00008b94   defined in Debug\stm8s_clk.o section .text
_CLK_ClockSwitchCmd              000089d9   defined in Debug\stm8s_clk.o section .text
                                            used in Debug\main.o
_CLK_ClockSwitchConfig           00008a61   defined in Debug\stm8s_clk.o section .text
                                            used in Debug\main.o
_CLK_DeInit                      0000895b   defined in Debug\stm8s_clk.o section .text
                                            used in Debug\main.o
_CLK_FastHaltWakeUpCmd           00008993   defined in Debug\stm8s_clk.o section .text
_CLK_GetClockFreq                00008b9d   defined in Debug\stm8s_clk.o section .text
                                            used in Debug\stm8s_uart3.o
_CLK_GetFlagStatus               00008c23   defined in Debug\stm8s_clk.o section .text
                                            used in Debug\main.o
_CLK_GetITStatus                 00008c80   defined in Debug\stm8s_clk.o section .text
_CLK_GetSYSCLKSource             00008b99   defined in Debug\stm8s_clk.o section .text
_CLK_HSECmd                      000089a1   defined in Debug\stm8s_clk.o section .text
                                            used in Debug\main.o
_CLK_HSICmd                      000089af   defined in Debug\stm8s_clk.o section .text
                                            used in Debug\main.o
_CLK_HSIPrescalerConfig          00008af7   defined in Debug\stm8s_clk.o section .text
                                            used in Debug\main.o
_CLK_ITConfig                    00008b21   defined in Debug\stm8s_clk.o section .text
_CLK_LSICmd                      000089bd   defined in Debug\stm8s_clk.o section .text
                                            used in Debug\main.o
_CLK_PeripheralClockConfig       000089f5   defined in Debug\stm8s_clk.o section .text
                                            used in Debug\delay.o Debug\main.o
_CLK_SWIMConfig                  00008b86   defined in Debug\stm8s_clk.o section .text
_CLK_SYSCLKConfig                00008b59   defined in Debug\stm8s_clk.o section .text
                                            used in Debug\main.o
_CLK_SYSCLKEmergencyClear        00008c1e   defined in Debug\stm8s_clk.o section .text
_CLK_SlowActiveHaltWakeUpCmd     000089e7   defined in Debug\stm8s_clk.o section .text
_EEPROM_Init                     000087b4   defined in Debug\main.o section .text
_EEPROM_LogData                  0000874b   defined in Debug\main.o section .text
_EEPROM_ReadByte                 0000861c   defined in Debug\main.o section .text
_EEPROM_ReadData                 0000877b   defined in Debug\main.o section .text
_EEPROM_ReadString               0000868e   defined in Debug\main.o section .text
_EEPROM_Test                     000087f0   defined in Debug\main.o section .text
_EEPROM_WriteByte                000085c5   defined in Debug\main.o section .text
_EEPROM_WriteString              00008721   defined in Debug\main.o section .text
_GPIO_DeInit                     00008cbb   defined in Debug\stm8s_gpio.o section .text
                                            used in Debug\main.o
_GPIO_ExternalPullUpConfig       00008d55   defined in Debug\stm8s_gpio.o section .text
_GPIO_Init                       00008cc3   defined in Debug\stm8s_gpio.o section .text
                                            used in Debug\main.o
_GPIO_ReadInputData              00008d4b   defined in Debug\stm8s_gpio.o section .text
_GPIO_ReadInputPin               00008d4e   defined in Debug\stm8s_gpio.o section .text
_GPIO_ReadOutputData             00008d49   defined in Debug\stm8s_gpio.o section .text
_GPIO_Write                      00008d2b   defined in Debug\stm8s_gpio.o section .text
_GPIO_WriteHigh                  00008d33   defined in Debug\stm8s_gpio.o section .text
_GPIO_WriteLow                   00008d3a   defined in Debug\stm8s_gpio.o section .text
_GPIO_WriteReverse               00008d42   defined in Debug\stm8s_gpio.o section .text
_GPIO_setup                      00008588   defined in Debug\main.o section .text
_HSIDivFactor                    000082f7   defined in Debug\stm8s_clk.o section .const
_I2C_AcknowledgeConfig           00008f1c   defined in Debug\stm8s_i2c.o section .text
                                            used in Debug\main.o
_I2C_CheckEvent                  00008f7c   defined in Debug\stm8s_i2c.o section .text
                                            used in Debug\main.o
_I2C_ClearFlag                   0000903a   defined in Debug\stm8s_i2c.o section .text
_I2C_ClearITPendingBit           0000909b   defined in Debug\stm8s_i2c.o section .text
_I2C_Cmd                         00008ec8   defined in Debug\stm8s_i2c.o section .text
                                            used in Debug\main.o
_I2C_Configuration               000085a5   defined in Debug\main.o section .text
_I2C_DeInit                      00008d6d   defined in Debug\stm8s_i2c.o section .text
                                            used in Debug\main.o
_I2C_FastModeDutyCycleConfig     00008f55   defined in Debug\stm8s_i2c.o section .text
_I2C_GeneralCallCmd              00008ed6   defined in Debug\stm8s_i2c.o section .text
_I2C_GenerateSTART               00008ee4   defined in Debug\stm8s_i2c.o section .text
                                            used in Debug\main.o
_I2C_GenerateSTOP                00008ef2   defined in Debug\stm8s_i2c.o section .text
                                            used in Debug\main.o
_I2C_GetFlagStatus               00009000   defined in Debug\stm8s_i2c.o section .text
_I2C_GetITStatus                 0000904b   defined in Debug\stm8s_i2c.o section .text
_I2C_GetLastEvent                00008fcd   defined in Debug\stm8s_i2c.o section .text
_I2C_ITConfig                    00008f3c   defined in Debug\stm8s_i2c.o section .text
_I2C_Init                        00008d92   defined in Debug\stm8s_i2c.o section .text
                                            used in Debug\main.o
_I2C_ReceiveData                 00008f64   defined in Debug\stm8s_i2c.o section .text
                                            used in Debug\main.o
_I2C_Send7bitAddress             00008f68   defined in Debug\stm8s_i2c.o section .text
                                            used in Debug\main.o
_I2C_SendData                    00008f78   defined in Debug\stm8s_i2c.o section .text
                                            used in Debug\main.o
_I2C_SoftwareResetCmd            00008f00   defined in Debug\stm8s_i2c.o section .text
_I2C_StretchClockCmd             00008f0e   defined in Debug\stm8s_i2c.o section .text
_TIM4_ARRPreloadConfig           00009128   defined in Debug\stm8s_tim4.o section .text
_TIM4_ClearFlag                  0000915d   defined in Debug\stm8s_tim4.o section .text
                                            used in Debug\delay.o
_TIM4_ClearITPendingBit          00009185   defined in Debug\stm8s_tim4.o section .text
                                            used in Debug\delay.o
_TIM4_Cmd                        000090ce   defined in Debug\stm8s_tim4.o section .text
                                            used in Debug\delay.o
_TIM4_Config                     000083cb   defined in Debug\delay.o section .text
                                            used in Debug\main.o
_TIM4_DeInit                     000090ac   defined in Debug\stm8s_tim4.o section .text
                                            used in Debug\delay.o
_TIM4_GenerateEvent              00009136   defined in Debug\stm8s_tim4.o section .text
_TIM4_GetCounter                 00009142   defined in Debug\stm8s_tim4.o section .text
                                            used in Debug\delay.o
_TIM4_GetFlagStatus              0000914a   defined in Debug\stm8s_tim4.o section .text
_TIM4_GetITStatus                00009162   defined in Debug\stm8s_tim4.o section .text
_TIM4_GetPrescaler               00009146   defined in Debug\stm8s_tim4.o section .text
_TIM4_ITConfig                   000090dc   defined in Debug\stm8s_tim4.o section .text
                                            used in Debug\delay.o
_TIM4_PrescalerConfig            0000911f   defined in Debug\stm8s_tim4.o section .text
_TIM4_SelectOnePulseMode         00009111   defined in Debug\stm8s_tim4.o section .text
_TIM4_SetAutoreload              0000913e   defined in Debug\stm8s_tim4.o section .text
_TIM4_SetCounter                 0000913a   defined in Debug\stm8s_tim4.o section .text
_TIM4_TimeBaseInit               000090c5   defined in Debug\stm8s_tim4.o section .text
                                            used in Debug\delay.o
_TIM4_UpdateDisableConfig        000090f5   defined in Debug\stm8s_tim4.o section .text
_TIM4_UpdateRequestConfig        00009103   defined in Debug\stm8s_tim4.o section .text
_UART3_ClearFlag                 00009466   defined in Debug\stm8s_uart3.o section .text
_UART3_ClearITPendingBit         00009542   defined in Debug\stm8s_uart3.o section .text
_UART3_Cmd                       000092a9   defined in Debug\stm8s_uart3.o section .text
                                            used in Debug\main.o
_UART3_DeInit                    0000918a   defined in Debug\stm8s_uart3.o section .text
                                            used in Debug\main.o
_UART3_GetFlagStatus             00009404   defined in Debug\stm8s_uart3.o section .text
                                            used in Debug\main.o
_UART3_GetITStatus               00009492   defined in Debug\stm8s_uart3.o section .text
_UART3_ITConfig                  000092b7   defined in Debug\stm8s_uart3.o section .text
_UART3_Init                      000091ad   defined in Debug\stm8s_uart3.o section .text
                                            used in Debug\main.o
_UART3_LINBreakDetectionConfig   00009349   defined in Debug\stm8s_uart3.o section .text
_UART3_LINCmd                    00009384   defined in Debug\stm8s_uart3.o section .text
_UART3_LINConfig                 00009357   defined in Debug\stm8s_uart3.o section .text
_UART3_ReceiveData8              000093ab   defined in Debug\stm8s_uart3.o section .text
_UART3_ReceiveData9              000093af   defined in Debug\stm8s_uart3.o section .text
_UART3_ReceiverWakeUpCmd         0000939d   defined in Debug\stm8s_uart3.o section .text
_UART3_SendBreak                 000093ec   defined in Debug\stm8s_uart3.o section .text
_UART3_SendData8                 000093d1   defined in Debug\stm8s_uart3.o section .text
                                            used in Debug\main.o
_UART3_SendData9                 000093d5   defined in Debug\stm8s_uart3.o section .text
_UART3_SetAddress                000093f1   defined in Debug\stm8s_uart3.o section .text
_UART3_WakeUpConfig              00009392   defined in Debug\stm8s_uart3.o section .text
_UART3_setup                     00008513   defined in Debug\main.o section .text
__endmem                         000013ff   defined in command file
                                            *** not used ***
__endzp                          00000010   defined in command file section .ubsct
                                            used in C:\Program Files (x86)\COSMIC\FSE_Compilers\CXSTM8\lib\crtsi0.sm8
__idesc__                        0000836d   defined in linker section .init
                                            used in C:\Program Files (x86)\COSMIC\FSE_Compilers\CXSTM8\lib\crtsi0.sm8
__itob                           00009acb   defined in (C:\Program Files (x86)\COSMIC\FSE_Compilers\CXSTM8\lib\libis0.sm8)itob.o section .text
                                            used in (C:\Program Files (x86)\COSMIC\FSE_Compilers\CXSTM8\lib\libis0.sm8)cprint.o
__ltob                           00009b45   defined in (C:\Program Files (x86)\COSMIC\FSE_Compilers\CXSTM8\lib\libis0.sm8)itob.o section .text
                                            used in (C:\Program Files (x86)\COSMIC\FSE_Compilers\CXSTM8\lib\libis0.sm8)cprint.o
__memory                         00000100   defined in command file section .bss
                                            used in C:\Program Files (x86)\COSMIC\FSE_Compilers\CXSTM8\lib\crtsi0.sm8
__print                          00009668   defined in (C:\Program Files (x86)\COSMIC\FSE_Compilers\CXSTM8\lib\libis0.sm8)cprint.o section .text
                                            used in (C:\Program Files (x86)\COSMIC\FSE_Compilers\CXSTM8\lib\libis0.sm8)printf.o
__stack                          000017ff   defined in command file
                                            used in C:\Program Files (x86)\COSMIC\FSE_Compilers\CXSTM8\lib\crtsi0.sm8
__startmem                       00000100   defined in command file section .bss
                                            *** not used ***
__stext                          0000837b   defined in C:\Program Files (x86)\COSMIC\FSE_Compilers\CXSTM8\lib\crtsi0.sm8 section .text
                                            used in Debug\stm8_interrupt_vector.o
__udiv                           00009bdb   defined in (C:\Program Files (x86)\COSMIC\FSE_Compilers\CXSTM8\lib\libis0.sm8)idiv0.o section .text
                                            used in (C:\Program Files (x86)\COSMIC\FSE_Compilers\CXSTM8\lib\libis0.sm8)itob.o
__uldiv                          00009be6   defined in (C:\Program Files (x86)\COSMIC\FSE_Compilers\CXSTM8\lib\libis0.sm8)ildiv0.o section .text
                                            used in (C:\Program Files (x86)\COSMIC\FSE_Compilers\CXSTM8\lib\libis0.sm8)itob.o
__vectab                         00008000   defined in Debug\stm8_interrupt_vector.o section .const
_checkString                     00008925   defined in Debug\main.o section .text
_clock_setup                     00008543   defined in Debug\main.o section .text
_delay_ms                        00008418   defined in Debug\delay.o section .text
                                            used in Debug\main.o
_delay_us                        00008434   defined in Debug\delay.o section .text
_exit                            000083c9   defined in C:\Program Files (x86)\COSMIC\FSE_Compilers\CXSTM8\lib\crtsi0.sm8 section .text
_log_to_eeprom                   000088f7   defined in Debug\main.o section .text
_main                            00008483   defined in Debug\main.o section .text
                                            used in C:\Program Files (x86)\COSMIC\FSE_Compilers\CXSTM8\lib\crtsi0.sm8
_micros                          0000846f   defined in Debug\delay.o section .text
_millis                          00008461   defined in Debug\delay.o section .text
_printf                          00009561   defined in (C:\Program Files (x86)\COSMIC\FSE_Compilers\CXSTM8\lib\libis0.sm8)printf.o section .text
                                            used in Debug\main.o
_process_eeprom_logs             0000888a   defined in Debug\main.o section .text
_putchar                         00008531   defined in Debug\main.o section .text
                                            used in (C:\Program Files (x86)\COSMIC\FSE_Compilers\CXSTM8\lib\libis0.sm8)cprint.o
_read_from_eeprom                0000882f   defined in Debug\main.o section .text
_strlen                          00009c01   defined in (C:\Program Files (x86)\COSMIC\FSE_Compilers\CXSTM8\lib\libis0.sm8)strlen0.o section .text
                                            used in Debug\main.o
                                                    (C:\Program Files (x86)\COSMIC\FSE_Compilers\CXSTM8\lib\libis0.sm8)cprint.o
_tick                            00000000   defined in Debug\delay.o section .bsct, initialized
_toupper                         00009c0d   defined in (C:\Program Files (x86)\COSMIC\FSE_Compilers\CXSTM8\lib\libis0.sm8)toup0.o section .text
                                            used in (C:\Program Files (x86)\COSMIC\FSE_Compilers\CXSTM8\lib\libis0.sm8)cprint.o
_writePointer                    00000004   defined in Debug\main.o section .bsct, initialized
c_bmulx                          00009c18   defined in (C:\Program Files (x86)\COSMIC\FSE_Compilers\CXSTM8\lib\libm0.sm8)bmulx.o section .text
                                            used in (C:\Program Files (x86)\COSMIC\FSE_Compilers\CXSTM8\lib\libis0.sm8)cprint.o
c_divsl                          00009c26   defined in (C:\Program Files (x86)\COSMIC\FSE_Compilers\CXSTM8\lib\libm0.sm8)ldiv.o section .text
                                            *** not used ***
c_divul                          00009c3d   defined in (C:\Program Files (x86)\COSMIC\FSE_Compilers\CXSTM8\lib\libm0.sm8)ldiv.o section .text
                                            used in (C:\Program Files (x86)\COSMIC\FSE_Compilers\CXSTM8\lib\libis0.sm8)ildiv0.o
                                                    (C:\Program Files (x86)\COSMIC\FSE_Compilers\CXSTM8\lib\libm0.sm8)ludiv.o
c_ladc                           00009d11   defined in (C:\Program Files (x86)\COSMIC\FSE_Compilers\CXSTM8\lib\libm0.sm8)ladc.o section .text
                                            used in Debug\delay.o
c_lcmp                           00009d22   defined in (C:\Program Files (x86)\COSMIC\FSE_Compilers\CXSTM8\lib\libm0.sm8)lcmp.o section .text
                                            used in Debug\stm8s_i2c.o
c_lgadc                          00009d42   defined in (C:\Program Files (x86)\COSMIC\FSE_Compilers\CXSTM8\lib\libm0.sm8)lgadc.o section .text
                                            used in Debug\delay.o
c_lgneg                          00009d52   defined in (C:\Program Files (x86)\COSMIC\FSE_Compilers\CXSTM8\lib\libm0.sm8)lgneg.o section .text
                                            used in (C:\Program Files (x86)\COSMIC\FSE_Compilers\CXSTM8\lib\libm0.sm8)ldiv.o
c_llsh                           00009d65   defined in (C:\Program Files (x86)\COSMIC\FSE_Compilers\CXSTM8\lib\libm0.sm8)llsh.o section .text
                                            used in Debug\stm8s_uart3.o
c_lmul                           00009d74   defined in (C:\Program Files (x86)\COSMIC\FSE_Compilers\CXSTM8\lib\libm0.sm8)lmul.o section .text
                                            used in Debug\stm8s_i2c.o
c_lmulc                          00009d7c   defined in (C:\Program Files (x86)\COSMIC\FSE_Compilers\CXSTM8\lib\libm0.sm8)lmul.o section .text
                                            *** not used ***
c_lneg                           00009dff   defined in (C:\Program Files (x86)\COSMIC\FSE_Compilers\CXSTM8\lib\libm0.sm8)lneg.o section .text
                                            used in (C:\Program Files (x86)\COSMIC\FSE_Compilers\CXSTM8\lib\libis0.sm8)itob.o
                                                    (C:\Program Files (x86)\COSMIC\FSE_Compilers\CXSTM8\lib\libm0.sm8)ldiv.o
c_lreg                           00000006   defined in (C:\Program Files (x86)\COSMIC\FSE_Compilers\CXSTM8\lib\libm0.sm8)lreg.o section .ubsct
                                            used in Debug\delay.o
                                                    Debug\stm8s_clk.o
                                                    Debug\stm8s_i2c.o
                                                    Debug\stm8s_uart3.o
                                                    (C:\Program Files (x86)\COSMIC\FSE_Compilers\CXSTM8\lib\libis0.sm8)cprint.o
                                                    (C:\Program Files (x86)\COSMIC\FSE_Compilers\CXSTM8\lib\libm0.sm8)ldiv.o
                                                    (C:\Program Files (x86)\COSMIC\FSE_Compilers\CXSTM8\lib\libm0.sm8)ladc.o
                                                    (C:\Program Files (x86)\COSMIC\FSE_Compilers\CXSTM8\lib\libm0.sm8)lcmp.o
                                                    (C:\Program Files (x86)\COSMIC\FSE_Compilers\CXSTM8\lib\libm0.sm8)llsh.o
                                                    (C:\Program Files (x86)\COSMIC\FSE_Compilers\CXSTM8\lib\libm0.sm8)lmul.o
                                                    (C:\Program Files (x86)\COSMIC\FSE_Compilers\CXSTM8\lib\libm0.sm8)lneg.o
                                                    (C:\Program Files (x86)\COSMIC\FSE_Compilers\CXSTM8\lib\libm0.sm8)lsub.o
                                                    (C:\Program Files (x86)\COSMIC\FSE_Compilers\CXSTM8\lib\libm0.sm8)ltor.o
                                                    (C:\Program Files (x86)\COSMIC\FSE_Compilers\CXSTM8\lib\libm0.sm8)lursh.o
                                                    (C:\Program Files (x86)\COSMIC\FSE_Compilers\CXSTM8\lib\libm0.sm8)rtol.o
                                                    (C:\Program Files (x86)\COSMIC\FSE_Compilers\CXSTM8\lib\libm0.sm8)smul.o
c_lsub                           00009e14   defined in (C:\Program Files (x86)\COSMIC\FSE_Compilers\CXSTM8\lib\libm0.sm8)lsub.o section .text
                                            used in Debug\stm8s_uart3.o
c_ltor                           00009e2c   defined in (C:\Program Files (x86)\COSMIC\FSE_Compilers\CXSTM8\lib\libm0.sm8)ltor.o section .text
                                            used in Debug\delay.o
                                                    Debug\stm8s_clk.o
                                                    Debug\stm8s_i2c.o
                                                    Debug\stm8s_uart3.o
                                                    (C:\Program Files (x86)\COSMIC\FSE_Compilers\CXSTM8\lib\libis0.sm8)itob.o
                                                    (C:\Program Files (x86)\COSMIC\FSE_Compilers\CXSTM8\lib\libis0.sm8)ildiv0.o
c_ludv                           00009e3e   defined in (C:\Program Files (x86)\COSMIC\FSE_Compilers\CXSTM8\lib\libm0.sm8)ludiv.o section .text
                                            used in Debug\stm8s_clk.o
                                                    Debug\stm8s_i2c.o
                                                    Debug\stm8s_uart3.o
c_lursh                          00009e52   defined in (C:\Program Files (x86)\COSMIC\FSE_Compilers\CXSTM8\lib\libm0.sm8)lursh.o section .text
                                            used in Debug\delay.o
c_lzmp                           00009e61   defined in (C:\Program Files (x86)\COSMIC\FSE_Compilers\CXSTM8\lib\libm0.sm8)lzmp.o section .text
                                            used in (C:\Program Files (x86)\COSMIC\FSE_Compilers\CXSTM8\lib\libis0.sm8)itob.o
c_rtol                           00009e74   defined in (C:\Program Files (x86)\COSMIC\FSE_Compilers\CXSTM8\lib\libm0.sm8)rtol.o section .text
                                            used in Debug\stm8s_clk.o
                                                    Debug\stm8s_i2c.o
                                                    Debug\stm8s_uart3.o
                                                    (C:\Program Files (x86)\COSMIC\FSE_Compilers\CXSTM8\lib\libis0.sm8)cprint.o
                                                    (C:\Program Files (x86)\COSMIC\FSE_Compilers\CXSTM8\lib\libis0.sm8)itob.o
                                                    (C:\Program Files (x86)\COSMIC\FSE_Compilers\CXSTM8\lib\libis0.sm8)ildiv0.o
c_sdivx                          00009e8c   defined in (C:\Program Files (x86)\COSMIC\FSE_Compilers\CXSTM8\lib\libm0.sm8)sdivx.o section .text
                                            used in Debug\stm8s_i2c.o
c_smodx                          00009e86   defined in (C:\Program Files (x86)\COSMIC\FSE_Compilers\CXSTM8\lib\libm0.sm8)sdivx.o section .text
                                            *** not used ***
c_smul                           00009eb1   defined in (C:\Program Files (x86)\COSMIC\FSE_Compilers\CXSTM8\lib\libm0.sm8)smul.o section .text
                                            used in Debug\delay.o
                                                    Debug\stm8s_i2c.o
                                                    Debug\stm8s_uart3.o
c_x                              0000000a   defined in (C:\Program Files (x86)\COSMIC\FSE_Compilers\CXSTM8\lib\libm0.sm8)xreg.o section .ubsct
                                            used in C:\Program Files (x86)\COSMIC\FSE_Compilers\CXSTM8\lib\crtsi0.sm8
                                                    Debug\delay.o Debug\main.o
                                                    (C:\Program Files (x86)\COSMIC\FSE_Compilers\CXSTM8\lib\libis0.sm8)strlen0.o
                                                    (C:\Program Files (x86)\COSMIC\FSE_Compilers\CXSTM8\lib\libm0.sm8)bmulx.o
                                                    (C:\Program Files (x86)\COSMIC\FSE_Compilers\CXSTM8\lib\libm0.sm8)ldiv.o
                                                    (C:\Program Files (x86)\COSMIC\FSE_Compilers\CXSTM8\lib\libm0.sm8)lmul.o
                                                    (C:\Program Files (x86)\COSMIC\FSE_Compilers\CXSTM8\lib\libm0.sm8)sdivx.o
                                                    (C:\Program Files (x86)\COSMIC\FSE_Compilers\CXSTM8\lib\libm0.sm8)xymov.o
c_xymov                          00009ef0   defined in (C:\Program Files (x86)\COSMIC\FSE_Compilers\CXSTM8\lib\libm0.sm8)xymov.o section .text
                                            used in Debug\main.o
c_y                              0000000d   defined in (C:\Program Files (x86)\COSMIC\FSE_Compilers\CXSTM8\lib\libm0.sm8)yreg.o section .ubsct
                                            used in C:\Program Files (x86)\COSMIC\FSE_Compilers\CXSTM8\lib\crtsi0.sm8
                                                    Debug\delay.o Debug\main.o
f_NonHandledInterrupt            00009f2f   defined in Debug\stm8_interrupt_vector.o section .text
f_TIM4_IRQHandler                000083ec   defined in Debug\delay.o section .text
                                            used in Debug\stm8_interrupt_vector.o
